Started GET "/" for 127.0.0.1 at 2026-03-31 08:06:39 +1100
  [1m[36mActiveRecord::SchemaMigration Load (1.5ms)[0m  [1m[34mSELECT "schema_migrations"."version" FROM "schema_migrations" ORDER BY "schema_migrations"."version" ASC /*application='Backend'*/[0m
Processing by Rails::WelcomeController#index as HTML
  Rendering /opt/homebrew/lib/ruby/gems/4.0.0/gems/railties-8.1.3/lib/rails/templates/rails/welcome/index.html.erb
  Rendered /opt/homebrew/lib/ruby/gems/4.0.0/gems/railties-8.1.3/lib/rails/templates/rails/welcome/index.html.erb (Duration: 0.3ms | GC: 0.0ms)
Completed 200 OK in 15ms (Views: 4.3ms | ActiveRecord: 0.0ms (0 queries, 0 cached) | GC: 0.0ms)


Started GET "/random" for 127.0.0.1 at 2026-03-31 08:06:53 +1100
  
ActionController::RoutingError (No route matches [GET] "/random"):
  
Started GET "/favicon.ico" for 127.0.0.1 at 2026-03-31 08:06:54 +1100
  
ActionController::RoutingError (No route matches [GET] "/favicon.ico"):
  
Started GET "/v1/1/random" for 127.0.0.1 at 2026-03-31 08:07:01 +1100
  
ActionController::RoutingError (No route matches [GET] "/v1/1/random"):
  
Started GET "/v1//random" for 127.0.0.1 at 2026-03-31 08:07:04 +1100
  
ActionController::RoutingError (No route matches [GET] "/v1/random"):
  
Started GET "/v1/random" for 127.0.0.1 at 2026-03-31 08:07:10 +1100
  
ActionController::RoutingError (No route matches [GET] "/v1/random"):
  
Started GET "/api/v1/recipes/search?query=chicken" for ::1 at 2026-03-31 08:40:12 +1100
Started GET "/api/v1/recipes/random" for ::1 at 2026-03-31 08:40:12 +1100
  [1m[36mActiveRecord::SchemaMigration Load (1.7ms)[0m  [1m[34mSELECT "schema_migrations"."version" FROM "schema_migrations" ORDER BY "schema_migrations"."version" ASC /*application='Backend'*/[0m
  
ActionController::RoutingError (No route matches [GET] "/api/v1/recipes/search"):
  
Started GET "/api/v1/recipes/search?query=chicken" for ::1 at 2026-03-31 08:40:12 +1100
Processing by Api::V1::RecipesController#random as */*
Processing by Api::V1::RecipesController#search as */*
  Parameters: {"query" => "chicken"}
Completed 200 OK in 817ms (Views: 0.5ms | ActiveRecord: 0.0ms (0 queries, 0 cached) | GC: 1.0ms)


Started GET "/api/v1/recipes/random" for ::1 at 2026-03-31 08:40:13 +1100
Processing by Api::V1::RecipesController#random as */*
Completed 200 OK in 1337ms (Views: 0.4ms | ActiveRecord: 0.0ms (0 queries, 0 cached) | GC: 0.0ms)


Completed 200 OK in 674ms (Views: 0.2ms | ActiveRecord: 0.0ms (0 queries, 0 cached) | GC: 0.0ms)


Started GET "/api/v1/recipes/search?query=chicken" for ::1 at 2026-03-31 08:44:40 +1100
Started GET "/api/v1/recipes/random" for ::1 at 2026-03-31 08:44:40 +1100
Processing by Api::V1::RecipesController#search as */*
  Parameters: {"query" => "chicken"}
Processing by Api::V1::RecipesController#random as */*
Completed 200 OK in 721ms (Views: 0.8ms | ActiveRecord: 0.0ms (0 queries, 0 cached) | GC: 0.0ms)


Started GET "/api/v1/recipes/random" for ::1 at 2026-03-31 08:44:41 +1100
Processing by Api::V1::RecipesController#random as */*
Completed 200 OK in 1232ms (Views: 0.5ms | ActiveRecord: 0.0ms (0 queries, 0 cached) | GC: 0.0ms)


Started GET "/api/v1/recipes/search?query=chicken" for ::1 at 2026-03-31 08:44:41 +1100
Processing by Api::V1::RecipesController#search as */*
  Parameters: {"query" => "chicken"}
Completed 200 OK in 789ms (Views: 0.2ms | ActiveRecord: 0.0ms (0 queries, 0 cached) | GC: 0.0ms)


Completed 200 OK in 1154ms (Views: 0.3ms | ActiveRecord: 0.0ms (0 queries, 0 cached) | GC: 0.0ms)


